TIME_ZONE="America/New_York"
KALTURA_VIRTUAL_HOST_PORT="443"
KALTURA_VIRTUAL_HOST_NAME="docker-host"
KALTURA_VIRTUAL_HOST_PORT="80"
KALTURA_FULL_VIRTUAL_HOST_NAME="$KALTURA_VIRTUAL_HOST_NAME:$KALTURA_VIRTUAL_HOST_PORT"
DB1_HOST="docker-mysql-host"
DB1_PORT="3306"
DB1_PASS="kaltura"
DB1_NAME="kaltura"
DB1_USER="kaltura"
PROTOCOL="http"
SERVICE_URL="$PROTOCOL://$KALTURA_FULL_VIRTUAL_HOST_NAME"
SPHINX_SERVER1="docker-sphinx1-host"
SPHINX_SERVER2="docker-sphinx1-host"
SPHINX_DB_HOST="docker-mysql-host"
SPHINX_DB_PORT="3306"
DWH_HOST="$DB1_HOST"
DWH_PORT="3306"
ADMIN_CONSOLE_ADMIN_MAIL="moshe.maor@kaltura.com"
ADMIN_CONSOLE_PASSWORD="1"
CDN_HOST="docker-host"
SUPER_USER="root"
SUPER_USER_PASSWD="root"
ENVIRONMENT_NAME="Kaltura Video Platform"
DWH_PASS="$DB1_PASS"
PROTOCOL="http"
#RED5_HOST=
USER_CONSENT="0"
CONTACT_MAIL="NO"
VOD_PACKAGER_HOST="docker-packager"
VOD_PACKAGER_PORT="88"
IP_RANGE="0.0.0.0-255.255.255.255"
WWW_HOST="docker-host"
# what web I/F would you want to enable, options:
# 0 - All web interfaces
# 1 - Kaltura Management Console [KMC], Hosted Apps, HTML5 lib and ClipAp
# 2 - KAC - Kaltura Admin Console
CONFIG_CHOICE="0"
IS_SSL="n"
IS_NGINX_SSL="n"
# Port to use with Nginx's RTMP module
RTMP_PORT="1935"
NFS_NAME="kaltura-nfs"
NFS_DOMAIN_NAME="kaltura.dev"
NFS_USER="nobody"
NFS_GROUP="nobody"
